[bison-grouper-32gm.squarespace.com/index.html]
[external.html]
[backblue.gif]
[fade.gif]
[images.squarespace-cdn.com/png/lagrinta_rouge5d45.png]
[assets.squarespace.com/js/legacy.js]
[assets.squarespace.com/js/extract-css-runtime-09451a6d635f67a0c181-min.fr-fr.js]
[assets.squarespace.com/js/modern.js]
[assets.squarespace.com/js/cldr-resource-pack-25c10a8e20a41cf4a4f0-min.fr-fr.js]
[assets.squarespace.com/js/extract-css-moment-js-vendor-780cdb1e7369e20d4bc2-min.fr-fr.js]
[assets.squarespace.com/js/common-vendors-stable-f10eb2e38af56f52af98-min.fr-fr.js]
[assets.squarespace.com/css/user-account-core-b6e8cafbf34b05da5c2b-min.fr-fr.css]
[assets.squarespace.com/js/performance-fa3f4ad1780a04aa9272-min.fr-fr.js]
[assets.squarespace.com/js/user-account-core-e105042f00ee2917c9b5-min.fr-fr.js]
[definitions.sqspcdn.com/css/website.components.shape.styles.css]
[static1.squarespace.com/css/site.css]
[definitions.sqspcdn.com/js/website.components.shape.visitor.js]
[static1.squarespace.com/css/static.css]
[images.squarespace-cdn.com/png/lagrinta_rouge26f7.png]
[bison-grouper-32gm.squarespace.com/cart.html]
[bison-grouper-32gm.squarespace.com/services.html]
[bison-grouper-32gm.squarespace.com/a-propos.html]
[bison-grouper-32gm.squarespace.com/contact.html]
[bison-grouper-32gm.squarespace.com/appointments.html]
[images.squarespace-cdn.com/jpg/img_9695(2).jpg]
[images.squarespace-cdn.com/png/target.png]
[assets.squarespace.com/js/common-vendors-eb45cd90ec676a1cdf62-min.fr-fr.js]
[images.squarespace-cdn.com/png/lagrinta_eclair_rouge.png]
[images.squarespace-cdn.com/png/qualiopi.png]
[images.squarespace-cdn.com/png/la-méthode-disc.png]
[images.squarespace-cdn.com/jpg/1.jpg]
[bison-grouper-32gm.squarespace.com/delayed/about.1d.delayed]
[images.squarespace-cdn.com/jpg/img_9518.jpg]
[images.squarespace-cdn.com/png/logo-orpi.png]
[images.squarespace-cdn.com/jpg/277765478_139766995234689_2261246919467062802_n.jpg]
[assets.squarespace.com/js/common-a810e814067378e1b4c5-min.fr-fr.js]
[images.squarespace-cdn.com/png/logo+immodf.png]
[images.squarespace-cdn.com/png/5dcd1c9a63000010adbe31ea.png]
[images.squarespace-cdn.com/jpg/mutuelle+previ.jpg]
[images.squarespace-cdn.com/jpg/pierre+passion.jpg]
[images.squarespace-cdn.com/jpg/yan+sport.jpg]
[bison-grouper-32gm.squarespace.com/index.html]
[assets.squarespace.com/css/user-account-core-b6e8cafbf34b05da5c2b-min.fr-fr.css]
[assets.squarespace.com/png/error-dark.png]
[assets.squarespace.com/png/error-dark@2x.png]
[assets.squarespace.com/png/play-button.png]
[static1.squarespace.com/js/site-bundle.03f6b4da1188b5006917209e252012ea.js]
[assets.squarespace.com/png/play-button@2x.png]
[assets.squarespace.com/png/edit-aviary-light.png]
[assets.squarespace.com/png/edit-aviary-light@2x.png]
[assets.squarespace.com/png/edit-info-light.png]
[assets.squarespace.com/png/edit-info-light@2x.png]
[assets.squarespace.com/png/trash-9-light.png]
[assets.squarespace.com/png/trash-9-light@2x.png]
[assets.squarespace.com/png/trash-9-red.png]
[assets.squarespace.com/png/trash-9-red@2x.png]
[assets.squarespace.com/png/getty-16-light.png]
[assets.squarespace.com/png/getty-32-light.png]
[assets.squarespace.com/png/shopping-cart-16-light.png]
[assets.squarespace.com/png/shopping-cart-32-light.png]
[assets.squarespace.com/png/block-indicator-dark.png]
[assets.squarespace.com/png/block-indicator-dark@2x.png]
[assets.squarespace.com/png/opentable-icons.png]
[assets.squarespace.com/png/icon-searchqueries-20-dark.png]
[assets.squarespace.com/png/icon-searchqueries-20-light.png]
[assets.squarespace.com/png/icon-video-24-light-solid.png]
[assets.squarespace.com/png/icon_close_7_light.png]
[assets.squarespace.com/png/icon-settings-16-light.png]
[static1.squarespace.com/css/site.css]
[definitions.sqspcdn.com/css/website.components.shape.styles.css]
[static1.squarespace.com/css/static.css]
[bison-grouper-32gm.squarespace.com/cart.html]
[images.squarespace-cdn.com/jpg/yan+1.jpg]
[bison-grouper-32gm.squarespace.com/services.html]
[images.squarespace-cdn.com/jpg/img_9644(1).jpg]
[images.squarespace-cdn.com/png/la-méthode-disc-2.png]
[bison-grouper-32gm.squarespace.com/a-propos.html]
[images.squarespace-cdn.com/jpg/yan+club+81.jpg]
[bison-grouper-32gm.squarespace.com/contact.html]
[embed.acuityscheduling.com/js/embed.js]
[bison-grouper-32gm.squarespace.com/appointments.html]
